--------- beginning of system
03-17 10:22:00.340   797  1227 V WindowManager: TaskLaunchParamsModifier:phase=0 task=null activity=ActivityRecord{47025094 u0 com.adhdcaddi/.MainActivity t-1} display-area-from-current-params=null display-area-from-default-fallback=DefaultTaskDisplayArea@3046090 display-id=0 task-display-area-windowing-mode=1 suggested-display-area=DefaultTaskDisplayArea@3046090
03-17 10:22:00.341   797  1227 V WindowManager: DesktopModeLaunchParamsModifier: phase= 3 task=null activity=ActivityRecord{47025094 u0 com.adhdcaddi/.MainActivity t-1} display-area-from-current-params=null display-area-from-default-fallback=DefaultTaskDisplayArea@3046090 display-id=0 task-display-area-windowing-mode=1 suggested-display-area=DefaultTaskDisplayArea@3046090 task null, skipping
03-17 10:22:00.341   797  1227 V WindowManager: TaskLaunchParamsModifier:phase=3 task=null activity=ActivityRecord{47025094 u0 com.adhdcaddi/.MainActivity t-1} display-area-from-current-params=null display-area-from-default-fallback=DefaultTaskDisplayArea@3046090 display-id=0 task-display-area-windowing-mode=1 suggested-display-area=DefaultTaskDisplayArea@3046090 non-freeform-task-display-area display-area=DefaultTaskDisplayArea@3046090 skip-bounds-fullscreen
03-17 10:22:00.364   797  1227 V WindowManager: DesktopModeLaunchParamsModifier: phase= 3 task=Task{33f0787 #47 type=standard A=10252:com.adhdcaddi} activity=ActivityRecord{47025094 u0 com.adhdcaddi/.MainActivity t-1} display-from-task=0 display-id=0 task-display-area-windowing-mode=1 suggested-display-area=DefaultTaskDisplayArea@3046090 not entering desktop mode, skipping
03-17 10:22:00.364   797  1227 V WindowManager: TaskLaunchParamsModifier:phase=3 task=Task{33f0787 #47 type=standard A=10252:com.adhdcaddi} activity=ActivityRecord{47025094 u0 com.adhdcaddi/.MainActivity t-1} display-from-task=0 display-id=0 task-display-area-windowing-mode=1 suggested-display-area=DefaultTaskDisplayArea@3046090 inherit-from-task=fullscreen non-freeform-task-display-area display-area=DefaultTaskDisplayArea@3046090 skip-bounds-fullscreen
--------- beginning of main
03-17 10:22:00.367   657   861 I libbinder.BpBinder: onLastStrongRef automatically unlinking death recipients for descriptor: '(not cached)'
03-17 10:22:00.375   797  1227 I ActivityTaskManager: START u0 {flg=0x10000000 xflg=0x5 cmp=com.adhdcaddi/.MainActivity} with LAUNCH_SINGLE_TASK from uid 2000 (com.android.shell) (BAL_ALLOW_PERMISSION) result code=0
03-17 10:22:00.376  1053  1099 V WindowManagerShell: Transition requested (#17): android.os.BinderProxy@7d529af TransitionRequestInfo { type = OPEN, triggerTask = TaskInfo{userId=0 taskId=47 effectiveUid=10252 displayId=0 isRunning=true baseIntent=Intent { flg=0x10000000 cmp=com.adhdcaddi/.MainActivity } baseActivity=ComponentInfo{com.adhdcaddi/com.adhdcaddi.MainActivity} topActivity=ComponentInfo{com.adhdcaddi/com.adhdcaddi.MainActivity} origActivity=null realActivity=ComponentInfo{com.adhdcaddi/com.adhdcaddi.MainActivity} numActivities=1 lastActiveTime=2788436 supportsMultiWindow=true resizeMode=1 isResizeable=true minWidth=-1 minHeight=-1 defaultMinSize=220 token=WCT{android.os.BinderProxy@4d041bc} topActivityType=1 pictureInPictureParams=null shouldDockBigOverlays=false launchIntoPipHostTaskId=-1 lastParentTaskIdBeforePip=-1 displayCutoutSafeInsets=Rect(0, 0 - 0, 0) topActivityInfo=ActivityInfo{41b7545 com.adhdcaddi.MainActivity} launchCookies=[] positionInParent=Point(0, 0) parentTaskId=-1 isFocused=false isVisible=false isVisibleRequested=false isTopActivityNoDisplay=false isSleeping=false locusId=null displayAreaFeatureId=1 isTopActivityTransparent=false isActivityStackTransparent=false lastNonFullscreenBounds=null capturedLink=null capturedLinkTimestamp=0 requestedVisibleTypes=503 topActivityRequestOpenInBrowserEducationTimestamp=0 appCompatTaskInfo=AppCompatTaskInfo { topActivityInSizeCompat=false isLeafTask= true eligibleForLetterboxEducation= false isLetterboxEducationEnabled= true isLetterboxDoubleTapEnabled= false eligibleForUserAspectRatioButton= false topActivityBoundsLetterboxed= false isFromLetterboxDoubleTap= false topActivityLetterboxVerticalPosition= -1 topActivityLetterboxHorizontalPosition= -1 topActivityLetterboxWidth=-1 topActivityLetterboxHeight=-1 topActivityAppBounds=Rect(0, 0 - 1080, 2337) isUserFullscreenOverrideEnabled=false isSystemFullscreenOverrideEnabled=false hasMinAspectRatioOverride=false topActivityLetterboxBounds=null cameraCompatTaskInfo=CameraCompatTaskInfo { cameraCompatMode=undefinedundefined} topNonResizableActivityAspectRatio=-1.0} topActivityMainWindowFrame=null isAppBubble=false}, pipChange = null, remoteTransition = null, displayChange = null, requestedLocation = null, userChange = null, windowingLayerChange = null, flags = 0, debugId = 17 }
03-17 10:22:00.382  1204  1204 D BaseActivity: Launcher flags updated: [state_started|state_resumed|state_deferred_resumed|state_window_focused] -[state_user_active]
03-17 10:22:00.383  1204  1204 D BaseActivity: Launcher flags updated: [state_started|state_window_focused] -[state_resumed|state_deferred_resumed]
03-17 10:22:00.383  1204  1204 W SplitSelectStateCtor: Missing session instanceIds
03-17 10:22:00.383  1204  1204 D StatsLog: LAUNCHER_SPLIT_SELECTION_EXIT_INTERRUPTED
03-17 10:22:00.386  1053  1099 D ShellSplitScreen: logExit: no-op, mLoggerSessionId is null
03-17 10:22:00.387  1053  1099 V ShellDesktopMode: DesktopTasksController: handleRequest request=TransitionRequestInfo { type = OPEN, triggerTask = TaskInfo{userId=0 taskId=47 effectiveUid=10252 displayId=0 isRunning=true baseIntent=Intent { flg=0x10000000 cmp=com.adhdcaddi/.MainActivity } baseActivity=ComponentInfo{com.adhdcaddi/com.adhdcaddi.MainActivity} topActivity=ComponentInfo{com.adhdcaddi/com.adhdcaddi.MainActivity} origActivity=null realActivity=ComponentInfo{com.adhdcaddi/com.adhdcaddi.MainActivity} numActivities=1 lastActiveTime=2788436 supportsMultiWindow=true resizeMode=1 isResizeable=true minWidth=-1 minHeight=-1 defaultMinSize=220 token=WCT{android.os.BinderProxy@4d041bc} topActivityType=1 pictureInPictureParams=null shouldDockBigOverlays=false launchIntoPipHostTaskId=-1 lastParentTaskIdBeforePip=-1 displayCutoutSafeInsets=Rect(0, 0 - 0, 0) topActivityInfo=ActivityInfo{41b7545 com.adhdcaddi.MainActivity} launchCookies=[] positionInParent=Point(0, 0) parentTaskId=-1 isFocused=false isVisible=false isVisibleRequested=false isTopActivityNoDisplay=false isSleeping=false locusId=null displayAreaFeatureId=1 isTopActivityTransparent=false isActivityStackTransparent=false lastNonFullscreenBounds=null capturedLink=null capturedLinkTimestamp=0 requestedVisibleTypes=503 topActivityRequestOpenInBrowserEducationTimestamp=0 appCompatTaskInfo=AppCompatTaskInfo { topActivityInSizeCompat=false isLeafTask= true eligibleForLetterboxEducation= false isLetterboxEducationEnabled= true isLetterboxDoubleTapEnabled= false eligibleForUserAspectRatioButton= false topActivityBoundsLetterboxed= false isFromLetterboxDoubleTap= false topActivityLetterboxVerticalPosition= -1 topActivityLetterboxHorizontalPosition= -1 topActivityLetterboxWidth=-1 topActivityLetterboxHeight=-1 topActivityAppBounds=Rect(0, 0 - 1080, 2337) isUserFullscreenOverrideEnabled=false isSystemFullscreenOverrideEnabled=false hasMinAspectRatioOverride=false topActivityLetterboxBounds=null cameraCompatTaskInfo=CameraCompatTaskInfo { cameraCompatMode=undefinedundefined} topNonResizableActivityAspectRatio=-1.0} topActivityMainWindowFrame=null isAppBubble=false}, pipChange = null, remoteTransition = null, displayChange = null, requestedLocation = null, userChange = null, windowingLayerChange = null, flags = 0, debugId = 17 }
03-17 10:22:00.387  1053  1099 V ShellDesktopMode: DesktopTasksController: skipping handleRequest reason=triggerTask's display doesn't support desktop mode
03-17 10:22:00.391   797  1835 I AppsFilter: interaction: PackageSetting{b9bc33c com.android.microdroid.empty_payload/10222} -> PackageSetting{bf67276 com.adhdcaddi/10252} BLOCKED
03-17 10:22:00.404   797  1835 V WindowManager: Defer transition id=17 for TaskFragmentTransaction=android.os.Binder@c12e077
03-17 10:22:00.409   797  1835 V WindowManager: deferTransitionReady deferReadyDepth=1 stack=com.android.server.wm.TransitionController.deferTransitionReady:1061 com.android.server.wm.TaskFragmentOrganizerController$TaskFragmentOrganizerState.dispatchTransaction:517 com.android.server.wm.TaskFragmentOrganizerController.dispatchPendingEvents:1259 com.android.server.wm.TaskFragmentOrganizerController.dispatchPendingEvents:1228 com.android.server.wm.RootWindowContainer.performSurfacePlacement:777 
03-17 10:22:00.412  1204  1204 D RecentsView: onTaskDisplayChanged: 47, new displayId = 0
03-17 10:22:00.416  1053  1099 D WindowManagerShell: setLauncherKeepClearAreaHeight: visible=false, height=495
03-17 10:22:00.417   797   828 V GrammaticalInflectionUtils: AttributionSource: android.content.AttributionSource@26f33639 does not have READ_SYSTEM_GRAMMATICAL_GENDER permission.
03-17 10:22:00.419   797  1899 V WindowManager: Continue transition id=17 for TaskFragmentTransaction=android.os.Binder@c12e077
03-17 10:22:00.419   797  1899 V WindowManager: continueTransitionReady deferReadyDepth=0 stack=com.android.server.wm.TransitionController.continueTransitionReady:1071 com.android.server.wm.TaskFragmentOrganizerController$TaskFragmentOrganizerState.onTransactionFinished:546 com.android.server.wm.TaskFragmentOrganizerController.onTransactionHandled:740 android.window.ITaskFragmentOrganizerController$Stub.onTransact:225 android.os.Binder.execTransactInternal:1473 
03-17 10:22:00.424  1204  1204 D b/417220811: invalidateLoadedTasks - previous requestLoadId: -1
03-17 10:22:00.429   797  1008 D BackgroundInstallControlService: Package event received: 0
03-17 10:22:00.462  1204  1204 D BaseActivity: Launcher flags updated: [state_started] -[state_window_focused]
03-17 10:22:00.472   586   586 D Zygote  : Forked child process 7552
03-17 10:22:00.474   797   836 W ActivityManager: Slow operation: 55ms so far, now at startProcess: returned from zygote!
03-17 10:22:00.478   797   836 W ActivityManager: Slow operation: 60ms so far, now at startProcess: done updating battery stats
03-17 10:22:00.488   797   836 W ActivityManager: Slow operation: 70ms so far, now at startProcess: building log message
03-17 10:22:00.489   797   836 I ActivityManager: Start proc 7552:com.adhdcaddi/u0a252 for next-top-activity {com.adhdcaddi/com.adhdcaddi.MainActivity}
03-17 10:22:00.489   797   836 W ActivityManager: Slow operation: 70ms so far, now at startProcess: starting to update pids map
03-17 10:22:00.489   797   836 W ActivityManager: Slow operation: 70ms so far, now at startProcess: done updating pids map
03-17 10:22:00.520  7552  7552 I Zygote  : Process 7552 created for com.adhdcaddi
03-17 10:22:00.520  7552  7552 I com.adhdcaddi: Late-enabling -Xcheck:jni
03-17 10:22:00.532  1193  1298 D SatelliteController: iisInCarrierRoamingNbIotNtn: satellite is disabled
03-17 10:22:00.534   797  1227 W libbinder.IPCThreadState: Sending oneway calls to frozen process.
03-17 10:22:00.534  1204  1204 D b/417220811: invalidateLoadedTasks - previous requestLoadId: -1
03-17 10:22:00.534  1193  1298 D SatelliteController: getCarrierRoamingNtnConnectType: Falling back to global carrier config connect type: 0
03-17 10:22:00.575  1053  1166 D WindowOnBackDispatcher: setTopOnBackInvokedCallback (unwrapped): android.view.ViewRootImpl$$ExternalSyntheticLambda12@12e3284
03-17 10:22:00.577   797  1899 D CoreBackPreview: Window{607e149 u0 Splash Screen com.adhdcaddi}: Setting back callback OnBackInvokedCallbackInfo{mCallback=android.window.IOnBackInvokedCallback$Stub$Proxy@dd76880, mPriority=0, mIsAnimationCallback=false, mOverrideBehavior=0}
03-17 10:22:00.586   797  1227 W WindowManager: takeTaskSnapshot: taskId=8 not found or not visible
03-17 10:22:00.661  7552  7552 I com.adhdcaddi: Using CollectorTypeCMC GC.
03-17 10:22:00.666  7552  7552 W com.adhdcaddi: Unexpected CPU variant for x86: x86_64.
03-17 10:22:00.666  7552  7552 W com.adhdcaddi: Known variants: atom, sandybridge, silvermont, goldmont, goldmont-plus, goldmont-without-sha-xsaves, tremont, kabylake, alderlake, default
03-17 10:22:00.667   797   825 V WindowManager: Sent Transition (#17) createdAt=03-17 10:22:00.340 via request=TransitionRequestInfo { type = OPEN, triggerTask = TaskInfo{userId=0 taskId=47 effectiveUid=10252 displayId=0 isRunning=true baseIntent=Intent { flg=0x10000000 cmp=com.adhdcaddi/.MainActivity } baseActivity=ComponentInfo{com.adhdcaddi/com.adhdcaddi.MainActivity} topActivity=ComponentInfo{com.adhdcaddi/com.adhdcaddi.MainActivity} origActivity=null realActivity=ComponentInfo{com.adhdcaddi/com.adhdcaddi.MainActivity} numActivities=1 lastActiveTime=2788436 supportsMultiWindow=true resizeMode=1 isResizeable=true minWidth=-1 minHeight=-1 defaultMinSize=220 token=WCT{RemoteToken{78f0a5f Task{33f0787 #47 type=standard A=10252:com.adhdcaddi}}} topActivityType=1 pictureInPictureParams=null shouldDockBigOverlays=false launchIntoPipHostTaskId=-1 lastParentTaskIdBeforePip=-1 displayCutoutSafeInsets=Rect(0, 0 - 0, 0) topActivityInfo=ActivityInfo{18a8cac com.adhdcaddi.MainActivity} launchCookies=[] positionInParent=Point(0, 0) parentTaskId=-1 isFocused=false isVisible=false isVisibleRequested=false isTopActivityNoDisplay=false isSleeping=false locusId=null displayAreaFeatureId=1 isTopActivityTransparent=false isActivityStackTransparent=false lastNonFullscreenBounds=null capturedLink=null capturedLinkTimestamp=0 requestedVisibleTypes=503 topActivityRequestOpenInBrowserEducationTimestamp=0 appCompatTaskInfo=AppCompatTaskInfo { topActivityInSizeCompat=false isLeafTask= true eligibleForLetterboxEducation= false isLetterboxEducationEnabled= true isLetterboxDoubleTapEnabled= false eligibleForUserAspectRatioButton= false topActivityBoundsLetterboxed= false isFromLetterboxDoubleTap= false topActivityLetterboxVerticalPosition= -1 topActivityLetterboxHorizontalPosition= -1 topActivityLetterboxWidth=-1 topActivityLetterboxHeight=-1 topActivityAppBounds=Rect(0, 0 - 1080, 2337) isUserFullscreenOverrideEnabled=false isSystemFullscreenOverrideEnabled=false hasMinAspectRatioOverride=false topActivityLetterboxBounds=null cameraCompatTaskInfo=CameraCompatTaskInfo { cameraCompatMode=undefinedundefined} topNonResizableActivityAspectRatio=-1.0} topActivityMainWindowFrame=null isAppBubble=false}, pipChange = null, remoteTransition = null, displayChange = null, requestedLocation = null, userChange = null, windowingLayerChange = null, flags = 0, debugId = 17 }
03-17 10:22:00.668   797   825 V WindowManager:     startWCT=WindowContainerTransaction { changes= {} hops= [] errorCallbackToken=null taskFragmentOrganizer=null }
03-17 10:22:00.668   797   825 V WindowManager:     info={id=17 t=OPEN f=0x0 trk=0 r=[0@Point(0, 0)] c=[
03-17 10:22:00.668   797   825 V WindowManager:         {WCT{RemoteToken{78f0a5f Task{33f0787 #47 type=standard A=10252:com.adhdcaddi}}} m=OPEN f=NONE leash=Surface(name=Task=47#228)/@0x98eaeb9 sb=Rect(0, 0 - 1080, 2400) eb=Rect(0, 0 - 1080, 2400) epz=Point(1080, 2400) d=0 taskParent=-1 winMode=1 userId=0},
03-17 10:22:00.668   797   825 V WindowManager:         {WCT{RemoteToken{d883ecf Task{c827293 #1 type=home}}} m=TO_BACK f=SHOW_WALLPAPER leash=Surface(name=Task=1#42)/@0x923dcc4 sb=Rect(0, 0 - 1080, 2400) eb=Rect(0, 0 - 1080, 2400) epz=Point(1080, 2400) d=0 taskParent=-1 winMode=1 userId=0},
03-17 10:22:00.668   797   825 V WindowManager:         {m=TO_BACK f=IS_WALLPAPER leash=Surface(name=WallpaperWindowToken{8132559}#58)/@0x4e9abd7 sb=Rect(0, 0 - 1080, 2400) eb=Rect(0, 0 - 1080, 2400) epz=Point(1080, 2400) d=0}
03-17 10:22:00.668   797   825 V WindowManager:     ]}
03-17 10:22:00.672  1053  1099 V ShellTaskOrganizer: Task appeared taskId=47 listener=FullscreenTaskListener
03-17 10:22:00.672  1053  1099 V ShellTaskOrganizer: Fullscreen Task Appeared: #47
03-17 10:22:00.678  1053  1250 V WindowManagerShell: onTransitionReady(transaction=3423088936543)
03-17 10:22:00.681  1204  1204 D b/417220811: invalidateLoadedTasks - previous requestLoadId: -1
03-17 10:22:00.681  1053  1099 V WindowManagerShell: onTransitionReady (#17) android.os.BinderProxy@7d529af: {id=17 t=OPEN f=0x0 trk=0 r=[0@Point(0, 0)] c=[
03-17 10:22:00.681  1053  1099 V WindowManagerShell:         {m=OPEN f=NONE leash=Surface(name=Task=47#228)/@0x492b8f sb=Rect(0, 0 - 1080, 2400) eb=Rect(0, 0 - 1080, 2400) epz=Point(1080, 2400) d=0 taskParent=-1 winMode=1 userId=0},
03-17 10:22:00.681  1053  1099 V WindowManagerShell:         {m=TO_BACK f=SHOW_WALLPAPER leash=Surface(name=Task=1#42)/@0xa074e1c sb=Rect(0, 0 - 1080, 2400) eb=Rect(0, 0 - 1080, 2400) epz=Point(1080, 2400) d=0 taskParent=-1 winMode=1 userId=0},
03-17 10:22:00.681  1053  1099 V WindowManagerShell:         {m=TO_BACK f=IS_WALLPAPER leash=Surface(name=WallpaperWindowToken{8132559}#58)/@0x490fa25 sb=Rect(0, 0 - 1080, 2400) eb=Rect(0, 0 - 1080, 2400) epz=Point(1080, 2400) d=0}
03-17 10:22:00.681  1053  1099 V WindowManagerShell:     ]}
03-17 10:22:00.693  1053  1099 V WindowManagerShell: Playing animation for (#17) android.os.BinderProxy@7d529af@0
03-17 10:22:00.695  1053  1099 V ShellRecents: RecentsTransitionHandler.startAnimation: no controller found
03-17 10:22:00.695  1053  1099 V ShellDesktopMode: DesktopMixedTransitionHandler: No pending desktop transition
03-17 10:22:00.696  1053  1099 V WindowManagerShell: Transition doesn't have explicit remote, search filters for match for {id=17 t=OPEN f=0x0 trk=0 r=[0@Point(0, 0)] c=[{m=OPEN f=NONE leash=Surface(name=Task=47#228)/@0x492b8f sb=Rect(0, 0 - 1080, 2400) eb=Rect(0, 0 - 1080, 2400) epz=Point(1080, 2400) d=0 taskParent=-1 winMode=1 userId=0},{m=TO_BACK f=SHOW_WALLPAPER leash=Surface(name=Task=1#42)/@0xa074e1c sb=Rect(0, 0 - 1080, 2400) eb=Rect(0, 0 - 1080, 2400) epz=Point(1080, 2400) d=0 taskParent=-1 winMode=1 userId=0},{m=TO_BACK f=IS_WALLPAPER leash=Surface(name=WallpaperWindowToken{8132559}#58)/@0x490fa25 sb=Rect(0, 0 - 1080, 2400) eb=Rect(0, 0 - 1080, 2400) epz=Point(1080, 2400) d=0}]}
03-17 10:22:00.696  1053  1099 V WindowManagerShell:  Checking filter Pair{{types=[] flags=0x0] notFlags=0x0 checks=[{atype=undefined independent=true modes=[CLOSE,TO_BACK] flags=IN_TASK_WITH_EMBEDDED_ACTIVITY mustBeTask=false order=ANY topActivity=null launchCookie=null taskFragmentToken=android.os.BinderProxy@40bf434 windowingMode=undefined isCrossDisplayMove=false}]} RemoteTransition { remoteTransition = android.window.IRemoteTransition$Stub$Proxy@1b7025d, appThread = android.app.IApplicationThread$Stub$Proxy@e9287d2, debugName = overlayBackTransition }}
03-17 10:22:00.696  1053  1099 V WindowManagerShell:  Checking filter Pair{{types=[] flags=0x0] notFlags=0x0 checks=[{atype=dream independent=true modes=[OPEN,TO_FRONT] flags=NONE mustBeTask=false order=ANY topActivity=null launchCookie=null windowingMode=undefined isCrossDisplayMove=false},{atype=home independent=true modes=[CLOSE,TO_BACK] flags=NONE mustBeTask=false order=ANY topActivity=null launchCookie=null windowingMode=undefined isCrossDisplayMove=false}]} RemoteTransition { remoteTransition = android.window.IRemoteTransition$Stub$Proxy@83200a3, appThread = android.app.IApplicationThread$Stub$Proxy@a8e1fa0, debugName = LauncherToDream }}
03-17 10:22:00.696  1053  1099 V WindowManagerShell:  Checking filter Pair{{types=[] flags=0x0] notFlags=0x100 checks=[{atype=home independent=true modes=[OPEN,TO_FRONT] flags=NONE mustBeTask=false order=TOP topActivity=ComponentInfo{com.google.android.apps.nexuslauncher/com.google.android.apps.nexuslauncher.NexusLauncherActivity} launchCookie=null windowingMode=undefined isCrossDisplayMove=false},{atype=standard independent=true modes=[CLOSE,TO_BACK] flags=NONE mustBeTask=false order=ANY topActivity=null launchCookie=null windowingMode=undefined isCrossDisplayMove=false},{NOT atype=undefined independent=true modes=[] flags=NONE mustBeTask=true order=ANY topActivity=null launchCookie=null customAnim=true windowingMode=undefined isCrossDisplayMove=false}]} RemoteTransition { remoteTransition = android.window.IRemoteTransition$Stub$Proxy@1e66759, appThread = android.app.IApplicationThread$Stub$Proxy@a6d4f1e, debugName = QuickstepLaunchHome }}
03-17 10:22:00.696  1053  1099 V WindowManagerShell:  Checking filter Pair{{types=[OPEN,TO_FRONT] flags=0x0] notFlags=0x0 checks=[{atype=standard independent=true modes=[OPEN,TO_FRONT] flags=NONE mustBeTask=true order=ANY topActivity=null launchCookie=null windowingMode=freeform isCrossDisplayMove=false}]} RemoteTransition { remoteTransition = android.window.IRemoteTransition$Stub$Proxy@8998d12, appThread = null, debugName = DesktopWindowLimitUnminimize }}
03-17 10:22:00.696  1053  1099 V WindowManagerShell:  Delegate animation for (#17) to null
03-17 10:22:00.696  1053  1099 V WindowManagerShell: start default transition animation, info = {id=17 t=OPEN f=0x0 trk=0 r=[0@Point(0, 0)] c=[{m=OPEN f=NONE leash=Surface(name=Task=47#228)/@0x492b8f sb=Rect(0, 0 - 1080, 2400) eb=Rect(0, 0 - 1080, 2400) epz=Point(1080, 2400) d=0 taskParent=-1 winMode=1 userId=0},{m=TO_BACK f=SHOW_WALLPAPER leash=Surface(name=Task=1#42)/@0xa074e1c sb=Rect(0, 0 - 1080, 2400) eb=Rect(0, 0 - 1080, 2400) epz=Point(1080, 2400) d=0 taskParent=-1 winMode=1 userId=0},{m=TO_BACK f=IS_WALLPAPER leash=Surface(name=WallpaperWindowToken{8132559}#58)/@0x490fa25 sb=Rect(0, 0 - 1080, 2400) eb=Rect(0, 0 - 1080, 2400) epz=Point(1080, 2400) d=0}]}
03-17 10:22:00.702  1053  1099 V WindowManagerShell: loadAnimation: anim=android.view.animation.AnimationSet@74544b4 animAttr=0x13 type=OPEN isEntrance=false
03-17 10:22:00.710  1053  1099 V WindowManagerShell: loadAnimation: anim=android.view.animation.AnimationSet@34bf820 animAttr=0x12 type=OPEN isEntrance=true
03-17 10:22:00.714  1053  1099 V WindowManagerShell:  animated by com.android.wm.shell.transition.DefaultTransitionHandler@155ac6a
03-17 10:22:00.808   665   690 I adbd    : jdwp connection from 7552
03-17 10:22:00.889  7552  7552 D nativeloader: Load libframework-connectivity-tiramisu-jni.so using APEX ns com_android_tethering for caller /apex/com.android.tethering/javalib/framework-connectivity-t.jar: ok
03-17 10:22:01.028  1053  1099 V WindowManagerShell: Transition animation finished (aborted=false), notifying core (#17) android.os.BinderProxy@7d529af@0
03-17 10:22:01.034   797   825 V WindowManager: Finish Transition (#17): created at 03-17 10:22:00.340 collect-started=0.126ms request-sent=34.572ms started=72.386ms ready=315.941ms sent=326.36ms commit=65.663ms finished=692.55ms
03-17 10:22:01.054  1053  1099 V WindowManagerShell: Track 0 became idle
03-17 10:22:01.060  1053  1413 D WallpaperService: onVisibilityChanged(false): com.android.systemui.wallpapers.ImageWallpaper$CanvasEngine@d3b342b
03-17 10:22:01.062   797  1008 D BackgroundInstallControlService: Package event received: 0
03-17 10:22:01.067  1053  1099 V WindowManagerShell: All active transition animations finished
03-17 10:22:01.095  1204  1204 D VRI[NexusLauncherActivity]: visibilityChanged oldVisibility=true newVisibility=false
03-17 10:22:01.097  1204  1204 D NexusLauncherModelDelegate: notifySmartspaceEvent: SmartspaceTargetEvent{mSmartspaceTarget=null, mSmartspaceActionId='null', mEventType=7}
03-17 10:22:01.109   797  1008 D BackgroundInstallControlService: Package event received: 0
03-17 10:22:01.110  7552  7552 D CompatChangeReporter: Compat change id reported: 242716250; UID 10252; state: ENABLED
03-17 10:22:01.364  7552  7552 D nativeloader: Configuring clns-9 for other apk /data/app/~~jE5aOijvB-t999dOcyxXbw==/com.adhdcaddi-JMnvMgsjL_-al0f_fssASg==/base.apk. target_sdk_version=34, uses_libraries=, library_path=/data/app/~~jE5aOijvB-t999dOcyxXbw==/com.adhdcaddi-JMnvMgsjL_-al0f_fssASg==/lib/x86_64:/data/app/~~jE5aOijvB-t999dOcyxXbw==/com.adhdcaddi-JMnvMgsjL_-al0f_fssASg==/base.apk!/lib/x86_64, permitted_path=/data:/mnt/expand:/data/user/0/com.adhdcaddi
03-17 10:22:01.398   797   956 D WifiConfigStore: Writing to stores completed in 16 ms.
03-17 10:22:01.423  7552  7552 V GraphicsEnvironment: Currently set values for:
03-17 10:22:01.424  7552  7552 V GraphicsEnvironment:   angle_gl_driver_selection_pkgs=[]
03-17 10:22:01.424  7552  7552 V GraphicsEnvironment:   angle_gl_driver_selection_values=[]
03-17 10:22:01.424  7552  7552 V GraphicsEnvironment: com.adhdcaddi is not listed in per-application setting
03-17 10:22:01.426  7552  7552 V GraphicsEnvironment: ANGLE allowlist from config: com.dreamgames.royalmatch com.dts.freefiremax com.dxx.firenow com.gramgames.mergedragons com.ludo.king com.mojang.minecraftpe com.my.defense com.nintendo.zaka com.os.airforce com.playrix.fishdomdd.gplay io.teslatech.callbreak jp.konami.prospia net.peakgames.toonblast
03-17 10:22:01.426  7552  7552 V GraphicsEnvironment: No special selections for ANGLE, returning default driver choice
03-17 10:22:01.426  7552  7552 V GraphicsEnvironment: Neither updatable production driver nor prerelease driver is supported.
03-17 10:22:01.437   797  1038 W FileUtils: Failed to chmod(AtomicFile[/data/system_de/0/system/game-manager-service.xml])
03-17 10:22:01.437   797  1038 W FileUtils: android.system.ErrnoException: chmod failed: ENOENT (No such file or directory)
03-17 10:22:01.437   797  1038 W FileUtils: 	at libcore.io.Linux.chmod(Native Method)
03-17 10:22:01.437   797  1038 W FileUtils: 	at libcore.io.ForwardingOs.chmod(ForwardingOs.java:166)
03-17 10:22:01.437   797  1038 W FileUtils: 	at libcore.io.BlockGuardOs.chmod(BlockGuardOs.java:83)
03-17 10:22:01.437   797  1038 W FileUtils: 	at android.system.Os.chmod(Os.java:119)
03-17 10:22:01.437   797  1038 W FileUtils: 	at android.os.FileUtils.setPermissions(FileUtils.java:189)
03-17 10:22:01.437   797  1038 W FileUtils: 	at com.android.server.app.GameManagerSettings.writePersistentDataLocked(GameManagerSettings.java:179)
03-17 10:22:01.437   797  1038 W FileUtils: 	at com.android.server.app.GameManagerService$SettingsHandler.doHandleMessage(GameManagerService.java:330)
03-17 10:22:01.437   797  1038 W FileUtils: 	at com.android.server.app.GameManagerService$SettingsHandler.handleMessage(GameManagerService.java:311)
03-17 10:22:01.437   797  1038 W FileUtils: 	at android.os.Handler.dispatchMessage(Handler.java:132)
03-17 10:22:01.437   797  1038 W FileUtils: 	at android.os.Looper.dispatchMessage(Looper.java:333)
03-17 10:22:01.437   797  1038 W FileUtils: 	at android.os.Looper.loopOnce(Looper.java:263)
03-17 10:22:01.437   797  1038 W FileUtils: 	at android.os.Looper.loop(Looper.java:367)
03-17 10:22:01.437   797  1038 W FileUtils: 	at android.os.HandlerThread.run(HandlerThread.java:139)
03-17 10:22:01.437   797  1038 W FileUtils: 	at com.android.server.ServiceThread.run(ServiceThread.java:46)
03-17 10:22:01.458   797   956 I HalDevMgr: bestIfaceCreationProposal is null, requestIface=STA, existingIface=[name=wlan0 type=STA]
03-17 10:22:01.560  7552  7552 D Sentry  : io.sentry.auto-init read: false
03-17 10:22:01.571  7552  7552 V SoLoader: Init System Loader delegate
03-17 10:22:01.581   797   894 V Configuration: Updating configuration, locales updated from [] to [en_US]
03-17 10:22:01.581   797   894 V Configuration: Updating configuration, locales updated from [] to [en_US]
03-17 10:22:01.581   797   894 V Configuration: Updating configuration, locales updated from [] to [en_US]
03-17 10:22:01.582   797   894 V Configuration: Updating configuration, locales updated from [] to [en_US]
03-17 10:22:01.582   797   894 V Configuration: Updating configuration, locales updated from [] to [en_US]
03-17 10:22:01.582   797   894 V Configuration: Updating configuration, locales updated from [] to [en_US]
03-17 10:22:01.582   797   894 V Configuration: Updating configuration, locales updated from [] to [en_US]
03-17 10:22:01.584   797  1008 D BackgroundInstallControlService: Package event received: 0
03-17 10:22:01.584   797  1008 D BackgroundInstallControlService: Package event received: 0
03-17 10:22:01.586   797   894 D IntervalStats: Unable to parse usage stats packages: [245, 266]
03-17 10:22:01.586   797   894 D IntervalStats: Unable to parse event packages: [266]
03-17 10:22:01.586  7552  7572 I DisplayManager: Choreographer implicitly registered for the refresh rate.
03-17 10:22:01.703  7552  7572 I GFXSTREAM: [eglDisplay.cpp(297)] Opening libGLESv1_CM_emulation.so
03-17 10:22:01.704  7552  7572 I GFXSTREAM: [eglDisplay.cpp(297)] Opening libGLESv2_emulation.so
03-17 10:22:01.711  7552  7552 D DesktopExperienceFlags: Toggle override initialized to: false
03-17 10:22:01.713  7552  7572 W HWUI    : Failed to initialize 101010-2 format, error = EGL_SUCCESS
03-17 10:22:01.751  7552  7552 D AppCompatDelegate: Checking for metadata for AppLocalesMetadataHolderService : Service not found
03-17 10:22:01.764  7552  7552 E ashmem  : Pinning is deprecated since Android Q. Please use trim or other methods.
03-17 10:22:01.858   797   905 D ActivityManager: freezing 5038 com.google.android.documentsui
03-17 10:22:01.861   797   962 D InetDiagMessage: Destroyed 0 sockets, proto=IPPROTO_TCP, family=AF_INET, states=14
03-17 10:22:01.861   797   962 D InetDiagMessage: Destroyed 0 sockets, proto=IPPROTO_TCP, family=AF_INET6, states=14
03-17 10:22:01.861   797   962 D InetDiagMessage: Destroyed live tcp sockets for uids={10110} in 1ms
03-17 10:22:02.008  7552  7552 D nativeloader: Load /data/app/~~jE5aOijvB-t999dOcyxXbw==/com.adhdcaddi-JMnvMgsjL_-al0f_fssASg==/base.apk!/lib/x86_64/libhermes.so using class loader ns clns-9 (caller=/data/app/~~jE5aOijvB-t999dOcyxXbw==/com.adhdcaddi-JMnvMgsjL_-al0f_fssASg==/base.apk): ok
03-17 10:22:02.086   797  1933 W AppOps  : Noting op not finished: uid 10155 pkg com.google.android.gms code 79 startTime of in progress event=1773704224995
03-17 10:22:02.102  7552  7552 D nativeloader: Load /data/app/~~jE5aOijvB-t999dOcyxXbw==/com.adhdcaddi-JMnvMgsjL_-al0f_fssASg==/base.apk!/lib/x86_64/libhermes_executor.so using class loader ns clns-9 (caller=/data/app/~~jE5aOijvB-t999dOcyxXbw==/com.adhdcaddi-JMnvMgsjL_-al0f_fssASg==/base.apk): ok
03-17 10:22:02.120   797  1933 W AppOps  : Noting op not finished: uid 10155 pkg com.google.android.gms code 113 startTime of in progress event=1773704206730
03-17 10:22:02.178  1420  2133 I ActivityScheduler: nextTriggerTime: 3028339, in 238099ms, detectorType: 39, FULL_TYPE alarmWindowMillis: 80000
03-17 10:22:02.573   797  1227 D CompatChangeReporter: Compat change id reported: 161145287; UID 10252; state: ENABLED
03-17 10:22:02.610  7552  7578 D nativeloader: Load /data/app/~~jE5aOijvB-t999dOcyxXbw==/com.adhdcaddi-JMnvMgsjL_-al0f_fssASg==/base.apk!/lib/x86_64/libreact_devsupportjni.so using class loader ns clns-9 (caller=/data/app/~~jE5aOijvB-t999dOcyxXbw==/com.adhdcaddi-JMnvMgsjL_-al0f_fssASg==/base.apk): ok
03-17 10:22:02.626   797   905 D ActivityManager: freezing 4103 com.android.chrome
03-17 10:22:02.628   797   962 D InetDiagMessage: Destroyed 0 sockets, proto=IPPROTO_TCP, family=AF_INET, states=14
03-17 10:22:02.629   797   962 D InetDiagMessage: Destroyed 0 sockets, proto=IPPROTO_TCP, family=AF_INET6, states=14
03-17 10:22:02.629   797   962 D InetDiagMessage: Destroyed live tcp sockets for uids={10162} in 1ms
03-17 10:22:02.651  7552  7552 D DesktopModeFlags: Toggle override initialized to: OVERRIDE_UNSET
03-17 10:22:02.708  7552  7552 I com.adhdcaddi: hiddenapi: Accessing hidden method Landroid/view/View;->computeFitSystemWindows(Landroid/graphics/Rect;Landroid/graphics/Rect;)Z (runtime_flags=0, domain=platform, api=unsupported) from Landroidx/appcompat/widget/ViewUtils; (domain=app, TargetSdkVersion=34) using reflection: allowed
03-17 10:22:02.708  7552  7552 I com.adhdcaddi: hiddenapi: Accessing hidden method Landroid/view/ViewGroup;->makeOptionalFitsSystemWindows()V (runtime_flags=0, domain=platform, api=unsupported) from Landroidx/appcompat/widget/ViewUtils; (domain=app, TargetSdkVersion=34) using reflection: allowed
03-17 10:22:02.784  7552  7552 W HWUI    : Unknown dataspace 0
03-17 10:22:02.811  7552  7552 W unknown:ReactNative: Packager connection already open, nooping.
03-17 10:22:02.812  7552  7552 D VRI[MainActivity]: WindowInsets changed: 1080x2400 statusBars:[0,63,0,0] navigationBars:[0,0,0,63] mandatorySystemGestures:[0,63,0,84] 
03-17 10:22:02.815  7552  7552 D WindowOnBackDispatcher: setTopOnBackInvokedCallback (unwrapped): android.view.ViewRootImpl$$ExternalSyntheticLambda12@5299d0c
03-17 10:22:02.817   797  1227 D CoreBackPreview: Window{672c56c u0 com.adhdcaddi/com.adhdcaddi.MainActivity}: Setting back callback OnBackInvokedCallbackInfo{mCallback=android.window.IOnBackInvokedCallback$Stub$Proxy@4e10d3b, mPriority=0, mIsAnimationCallback=false, mOverrideBehavior=0}
03-17 10:22:02.832   657  1287 W libbinder.ServiceManagerCppClient: Permission failure: android.permission.ACCESS_SURFACE_FLINGER from uid=10252 pid=0
03-17 10:22:02.833   657  1287 D libbinder.PermissionCache: checking android.permission.ACCESS_SURFACE_FLINGER for uid=10252 => denied (1737 us)
03-17 10:22:02.833   657  1287 W libbinder.ServiceManagerCppClient: Permission failure: android.permission.ROTATE_SURFACE_FLINGER from uid=10252 pid=0
03-17 10:22:02.833   657  1287 D libbinder.PermissionCache: checking android.permission.ROTATE_SURFACE_FLINGER for uid=10252 => denied (335 us)
03-17 10:22:02.833   657   861 W libbinder.ServiceManagerCppClient: Permission failure: android.permission.ACCESS_SURFACE_FLINGER from uid=10252 pid=7552
03-17 10:22:02.833   657   861 D libbinder.PermissionCache: checking android.permission.ACCESS_SURFACE_FLINGER for uid=10252 => denied (429 us)
03-17 10:22:02.834   657  1287 W libbinder.ServiceManagerCppClient: Permission failure: android.permission.INTERNAL_SYSTEM_WINDOW from uid=10252 pid=0
03-17 10:22:02.834   657   861 W libbinder.ServiceManagerCppClient: Permission failure: android.permission.INTERNAL_SYSTEM_WINDOW from uid=10252 pid=7552
03-17 10:22:02.834   657   861 D libbinder.PermissionCache: checking android.permission.INTERNAL_SYSTEM_WINDOW for uid=10252 => denied (454 us)
03-17 10:22:02.834   657  1287 D libbinder.PermissionCache: checking android.permission.INTERNAL_SYSTEM_WINDOW for uid=10252 => denied (523 us)
03-17 10:22:03.001   797   881 W libbinder.ServiceManagerCppClient: Permission failure: android.permission.ACCESS_SURFACE_FLINGER from uid=10252 pid=0
03-17 10:22:03.001   797   881 D libbinder.PermissionCache: checking android.permission.ACCESS_SURFACE_FLINGER for uid=10252 => denied (244 us)
03-17 10:22:03.001   797   881 W libbinder.ServiceManagerCppClient: Permission failure: android.permission.ROTATE_SURFACE_FLINGER from uid=10252 pid=0
03-17 10:22:03.001   797   881 D libbinder.PermissionCache: checking android.permission.ROTATE_SURFACE_FLINGER for uid=10252 => denied (264 us)
03-17 10:22:03.001   797   881 W libbinder.ServiceManagerCppClient: Permission failure: android.permission.INTERNAL_SYSTEM_WINDOW from uid=10252 pid=0
03-17 10:22:03.002   797   881 D libbinder.PermissionCache: checking android.permission.INTERNAL_SYSTEM_WINDOW for uid=10252 => denied (142 us)
03-17 10:22:03.015   797   825 I ActivityTaskManager: Displayed com.adhdcaddi/.MainActivity for user 0: +2s680ms
03-17 10:22:03.028  1204  1204 D BaseActivity: Launcher flags updated: [] -[state_started]
03-17 10:22:03.028  1204  1204 D BaseDepthController: setSurface:
03-17 10:22:03.028  1204  1204 D BaseDepthController: 	mWaitingOnSurfaceValidity: false
03-17 10:22:03.028  1204  1204 D BaseDepthController: 	mBaseSurface: null
03-17 10:22:03.031  1204  1204 D BaseDepthController: mSurface is null and mCurrentBlur is: 0
03-17 10:22:03.063  1204  1204 D LauncherStateManager: StateManager.goToState: fromState: Normal, toState: Normal, partial trace:
03-17 10:22:03.063  1204  1204 D LauncherStateManager: 	at com.android.launcher3.statemanager.StateManager.moveToRestState(go/retraceme f3a19d912c87c27267cfbc05ba0bc7b202ab72a6648bd76225f5f7e128d94583:6)
03-17 10:22:03.063  1204  1204 D LauncherStateManager: 	at com.android.launcher3.statemanager.StateManager.moveToRestState(go/retraceme f3a19d912c87c27267cfbc05ba0bc7b202ab72a6648bd76225f5f7e128d94583:2)
03-17 10:22:03.063  1204  1204 D LauncherStateManager: 	at com.android.launcher3.statemanager.StatefulActivity.onStop(go/retraceme f3a19d912c87c27267cfbc05ba0bc7b202ab72a6648bd76225f5f7e128d94583:32)
03-17 10:22:03.063  1204  1204 D LauncherStateManager: StateManager.onRepeatStateSetAborted: state: Normal
03-17 10:22:03.064  1204  1204 D ActivityContext: hideKeyboard
03-17 10:22:03.064  1204  1204 D ActivityContext: isImeShown: false
03-17 10:22:03.064  1204  1204 D StatsLog: LAUNCHER_ONSTOP
03-17 10:22:03.069   797   924 I ImeTracker: com.adhdcaddi:192d011e: onRequestHide at ORIGIN_SERVER reason HIDE_UNSPECIFIED_WINDOW fromUser false
03-17 10:22:03.070  1204  1204 D StatsLog: LAUNCHER_GOOGLE_SEARCH_RESTORE_LIST_SIZE_AFTER_ACTIVITY_RESTART
03-17 10:22:03.090   797  1835 W AppOps  : Noting op not finished: uid 10155 pkg com.google.android.gms code 113 startTime of in progress event=1773704206730
03-17 10:22:03.096   797  1835 I ImeTracker: system_server:18b65840: onRequestHide at ORIGIN_SERVER reason IME_REQUESTED_CHANGED_LISTENER fromUser false
03-17 10:22:03.115  7552  7552 D InsetsController: hide(ime())
03-17 10:22:03.116  7552  7552 I ImeTracker: com.adhdcaddi:192d011e: onCancelled at PHASE_CLIENT_ALREADY_HIDDEN
03-17 10:22:03.117  1567  1567 I GoogleInputMethodService: GoogleInputMethodService.onFinishInput():2113 
03-17 10:22:03.119   797   828 I ImeTracker: system_server:18b65840: onCancelled at PHASE_SERVER_SHOULD_HIDE
03-17 10:22:03.127   797  1008 D BackgroundInstallControlService: Package event received: 0
03-17 10:22:03.138  1204  1224 W System  : A resource failed to call release. 
03-17 10:22:03.138  1204  1224 W System  : A resource failed to call release. 
03-17 10:22:03.138  1204  1224 W System  : A resource failed to call release. 
03-17 10:22:03.161  1567  1567 I Module  : DeviceLockedStatusModuleProvider$Module.updateDeviceLockedStatus():103 repeatCheckTimes = 0, locked = false
03-17 10:22:03.180  1567  1567 W NotificationCenter: NotificationCenter$NotificationQueue.notifyPendingNotificationsOnExecutor():877 Heavy notify work detected on UI thread: [myj->gma, myj->mxb, myj->kqr, myj->kqr, myj->emv, myj->kqr, myj->pdt, myj->knz, myj->kqr, myj->mxl, myj->kto, myj->lyz, myj->kqr, myj->kqr, myj->kqr, myj->gox, myj->kqr, myj->kqr, myj->kqr, myj->hnu, myj->opi, myj->kqr, myj->kqr, myj->kqr] takes 39ms
03-17 10:22:03.197  1567  1567 I GoogleInputMethodService: GoogleInputMethodService.onStartInput():1384 onStartInput(EditorInfo{EditorInfo{packageName=com.adhdcaddi, inputType=0, inputTypeString=NULL, enableLearning=false, autoCorrection=false, autoComplete=false, imeOptions=0, privateImeOptions=null, actionName=UNSPECIFIED, actionLabel=null, initialSelStart=-1, initialSelEnd=-1, initialCapsMode=0, label=null, fieldId=0, fieldName=null, extras=null, hintText=null, hintLocales=[]}}, false)
03-17 10:22:03.202  1567  1567 W AndroidIME: LatinIMEBase.updateInputViewCoverNavigation():319 Null input view, cannot update padding!
03-17 10:22:03.213  1567  1567 I Module  : DeviceLockedStatusModuleProvider$Module.updateDeviceLockedStatus():103 repeatCheckTimes = 1, locked = false
03-17 10:22:03.259  1567  1567 W NotificationCenter: NotificationCenter$NotificationQueue.notifyPendingNotificationsOnExecutor():877 Heavy notify work detected on UI thread: [myj->gma, myj->mxb, myj->kqr, myj->kqr, myj->emv, myj->kqr, myj->pdt, myj->knz, myj->kqr, myj->mxl, myj->kto, myj->lyz, myj->kqr, myj->kqr, myj->kqr, myj->gox, myj->kqr, myj->kqr, myj->kqr, myj->hnu, myj->opi, myj->kqr, myj->kqr, myj->kqr] takes 47ms
03-17 10:22:03.277   797   881 W PackageConfigPersister: App-specific configuration not found for packageName: com.adhdcaddi and userId: 0
03-17 10:22:03.348   797   905 D ActivityManager: freezing 3330 com.google.android.rkpdapp
03-17 10:22:03.348  1420  2040 I FontLog : (REDACTED) Received query %s, URI %s
03-17 10:22:03.361   797   962 D InetDiagMessage: Destroyed 0 sockets, proto=IPPROTO_TCP, family=AF_INET, states=14
03-17 10:22:03.362   797   962 D InetDiagMessage: Destroyed 0 sockets, proto=IPPROTO_TCP, family=AF_INET6, states=14
03-17 10:22:03.362   797   962 D InetDiagMessage: Destroyed live tcp sockets for uids={10210} in 1ms
03-17 10:22:03.368  1420  2040 I FontLog : (REDACTED) Query [%s] resolved to %s
03-17 10:22:03.409   797  1771 E TaskPersister: File error accessing recents directory (directory doesn't exist?).
03-17 10:22:03.445  1053  1166 D WindowOnBackDispatcher: setTopOnBackInvokedCallback (unwrapped): null
03-17 10:22:03.445   797   881 D CoreBackPreview: Window{607e149 u0 Splash Screen com.adhdcaddi EXITING}: Setting back callback null
03-17 10:22:03.468  1420  2040 I FontLog : (REDACTED) Fetch %s end status %s
03-17 10:22:03.510  1420  2040 I FontLog : (REDACTED) Pulling font file for id = %d, cache size = %d
03-17 10:22:03.523  7552  7590 I HWUI    : Using FreeType backend (prop=Auto)
03-17 10:22:03.530   797   905 D ActivityManager: freezing 2191 android.process.media
03-17 10:22:03.540  1420  2040 I FontLog : (REDACTED) Pulling font file for id = %d, cache size = %d
03-17 10:22:03.546   797   962 D InetDiagMessage: Destroyed 0 sockets, proto=IPPROTO_TCP, family=AF_INET, states=14
03-17 10:22:03.549   797   962 D InetDiagMessage: Destroyed 0 sockets, proto=IPPROTO_TCP, family=AF_INET6, states=14
03-17 10:22:03.549   797   962 D InetDiagMessage: Destroyed live tcp sockets for uids={10111} in 4ms
03-17 10:22:03.559  7552  7559 I com.adhdcaddi: Compiler allocated 5087KB to compile void android.view.ViewRootImpl.performTraversals()
03-17 10:22:04.466   797   956 I HalDevMgr: bestIfaceCreationProposal is null, requestIface=STA, existingIface=[name=wlan0 type=STA]
03-17 10:22:05.255   797   905 D ActivityManager: freezing 3528 com.google.android.packageinstaller
03-17 10:22:05.259   797   962 D InetDiagMessage: Destroyed 0 sockets, proto=IPPROTO_TCP, family=AF_INET, states=14
03-17 10:22:05.259   797   962 D InetDiagMessage: Destroyed 0 sockets, proto=IPPROTO_TCP, family=AF_INET6, states=14
03-17 10:22:05.259   797   962 D InetDiagMessage: Destroyed live tcp sockets for uids={10113} in 0ms
03-17 10:22:05.475  2135  2160 W ssioncontroller: Reducing the number of considered missed Gc histogram windows from 253 to 100
03-17 10:22:05.500   309  7430 I keystore2: system/security/keystore2/watchdog/src/lib.rs:371 - Watchdog thread idle -> terminating. Have a great day.
